CMake Warning (deprecated) at CMakeLists.txt:1 (cmake_minimum_required):
  Compatibility with CMake < 3.10 will be removed from a future version of
  CMake.

  Update the VERSION argument <min> value.  Or, use the <min>...<max> syntax
  to tell CMake that the project requires at least <min> but has been updated
  to work with policies introduced by <max> or earlier.
This warning is for project developers.  Use -Wno-author or -Wno-deprecated
to suppress it.

-- The C compiler identification is GNU 13.3.0
-- The CXX compiler identification is GNU 13.3.0
-- Detecting C compiler ABI info
-- Detecting C compiler ABI info - done
-- Check for working C compiler: /usr/bin/cc - skipped
-- Detecting C compile features
-- Detecting C compile features - done
-- Detecting CXX compiler ABI info
-- Detecting CXX compiler ABI info - done
-- Check for working CXX compiler: /usr/bin/c++ - skipped
-- Detecting CXX compile features
-- Detecting CXX compile features - done
-- Found Git: /usr/local/bin/git (found version "2.51.1")
fatal: not a git repository (or any of the parent directories): .git
fatal: not a git repository (or any of the parent directories): .git
-- Performing Test CMAKE_HAVE_LIBC_PTHREAD
-- Performing Test CMAKE_HAVE_LIBC_PTHREAD - Success
-- Found Threads: TRUE
-- Warning: ccache not found - consider installing it for faster compilation or disable this warning with GGML_CCACHE=OFF
-- CMAKE_SYSTEM_PROCESSOR: x86_64
-- GGML_SYSTEM_ARCH: x86
-- Including CPU backend
-- Found OpenMP_C: -fopenmp (found version "4.5")
-- Found OpenMP_CXX: -fopenmp (found version "4.5")
-- Found OpenMP: TRUE (found version "4.5")
-- x86 detected
-- Adding CPU backend variant ggml-cpu: -msse4.2;-mf16c;-mfma;-mbmi2;-mavx;-mavx2 GGML_SSE42;GGML_F16C;GGML_FMA;GGML_BMI2;GGML_AVX;GGML_AVX2
fatal: not a git repository (or any of the parent directories): .git
fatal: not a git repository (or any of the parent directories): .git
-- Configuring done (0.7s)
-- Generating done (0.0s)
-- Build files have been written to: /workspace/scratch/3dab4792fddc/mini_whisper/build
[  2%] Building C object ggml/src/CMakeFiles/ggml-base.dir/ggml.c.o
[  5%] Building CXX object ggml/src/CMakeFiles/ggml-base.dir/ggml.cpp.o
[  8%] Building C object ggml/src/CMakeFiles/ggml-base.dir/ggml-alloc.c.o
[ 11%] Building CXX object ggml/src/CMakeFiles/ggml-base.dir/ggml-backend.cpp.o
[ 14%] Building CXX object ggml/src/CMakeFiles/ggml-base.dir/ggml-opt.cpp.o
[ 17%] Building CXX object ggml/src/CMakeFiles/ggml-base.dir/ggml-threading.cpp.o
[ 20%] Building C object ggml/src/CMakeFiles/ggml-base.dir/ggml-quants.c.o
[ 22%] Building CXX object ggml/src/CMakeFiles/ggml-base.dir/gguf.cpp.o
[ 25%] Linking CXX static library libggml-base.a
[ 25%] Built target ggml-base
[ 28%] Building C object ggml/src/CMakeFiles/ggml-cpu.dir/ggml-cpu/ggml-cpu.c.o
[ 31%] Building CXX object ggml/src/CMakeFiles/ggml-cpu.dir/ggml-cpu/ggml-cpu.cpp.o
[ 34%] Building CXX object ggml/src/CMakeFiles/ggml-cpu.dir/ggml-cpu/repack.cpp.o
[ 37%] Building CXX object ggml/src/CMakeFiles/ggml-cpu.dir/ggml-cpu/hbm.cpp.o
[ 40%] Building C object ggml/src/CMakeFiles/ggml-cpu.dir/ggml-cpu/quants.c.o
[ 42%] Building CXX object ggml/src/CMakeFiles/ggml-cpu.dir/ggml-cpu/traits.cpp.o
[ 45%] Building CXX object ggml/src/CMakeFiles/ggml-cpu.dir/ggml-cpu/amx/amx.cpp.o
[ 48%] Building CXX object ggml/src/CMakeFiles/ggml-cpu.dir/ggml-cpu/amx/mmq.cpp.o
[ 51%] Building CXX object ggml/src/CMakeFiles/ggml-cpu.dir/ggml-cpu/binary-ops.cpp.o
[ 54%] Building CXX object ggml/src/CMakeFiles/ggml-cpu.dir/ggml-cpu/unary-ops.cpp.o
[ 57%] Building CXX object ggml/src/CMakeFiles/ggml-cpu.dir/ggml-cpu/vec.cpp.o
[ 60%] Building CXX object ggml/src/CMakeFiles/ggml-cpu.dir/ggml-cpu/ops.cpp.o
[ 62%] Building C object ggml/src/CMakeFiles/ggml-cpu.dir/ggml-cpu/arch/x86/quants.c.o
[ 65%] Building CXX object ggml/src/CMakeFiles/ggml-cpu.dir/ggml-cpu/arch/x86/repack.cpp.o
[ 68%] Linking CXX static library libggml-cpu.a
[ 68%] Built target ggml-cpu
[ 71%] Building CXX object ggml/src/CMakeFiles/ggml.dir/ggml-backend-reg.cpp.o
[ 74%] Linking CXX static library libggml.a
[ 74%] Built target ggml
[ 77%] Building CXX object src/CMakeFiles/whisper.dir/whisper.cpp.o
[ 80%] Linking CXX static library libwhisper.a
[ 80%] Built target whisper
[ 85%] Building CXX object examples/CMakeFiles/common.dir/common.cpp.o
[ 85%] Building CXX object examples/CMakeFiles/common.dir/common-ggml.cpp.o
[ 88%] Building CXX object examples/CMakeFiles/common.dir/common-whisper.cpp.o
[ 91%] Building CXX object examples/CMakeFiles/common.dir/grammar-parser.cpp.o
[ 94%] Linking CXX static library libcommon.a
[ 94%] Built target common
[ 97%] Building CXX object examples/server/CMakeFiles/whisper-server.dir/server.cpp.o
[100%] Linking CXX executable ../../bin/whisper-server
[100%] Built target whisper-server
