whisper_init_from_file_with_params_no_state: loading model from 'models/ggml-tiny.bin'
whisper_init_with_params_no_state: use gpu    = 0
whisper_init_with_params_no_state: flash attn = 0
whisper_init_with_params_no_state: gpu_device = 0
whisper_init_with_params_no_state: dtw        = 0
whisper_init_with_params_no_state: devices    = 1
whisper_init_with_params_no_state: backends   = 1
whisper_model_load: loading model
whisper_model_load: n_vocab       = 51865
whisper_model_load: n_audio_ctx   = 1500
whisper_model_load: n_audio_state = 384
whisper_model_load: n_audio_head  = 6
whisper_model_load: n_audio_layer = 4
whisper_model_load: n_text_ctx    = 448
whisper_model_load: n_text_state  = 384
whisper_model_load: n_text_head   = 6
whisper_model_load: n_text_layer  = 4
whisper_model_load: n_mels        = 80
whisper_model_load: ftype         = 1
whisper_model_load: qntvr         = 0
whisper_model_load: type          = 1 (tiny)
whisper_model_load: adding 1608 extra tokens
whisper_model_load: n_langs       = 99
whisper_model_load:          CPU total size =    77.11 MB
whisper_model_load: model size    =   77.11 MB
whisper_backend_init_gpu: no GPU found
whisper_init_state: kv self size  =    3.15 MB
whisper_init_state: kv cross size =    9.44 MB
whisper_init_state: kv pad  size  =    2.36 MB
whisper_init_state: compute buffer (conv)   =   13.19 MB
whisper_init_state: compute buffer (encode) =   64.79 MB
whisper_init_state: compute buffer (cross)  =    3.88 MB
whisper_init_state: compute buffer (decode) =   95.89 MB

system_info: n_threads = 4 / 9 | WHISPER : COREML = 0 | OPENVINO = 0 | CPU : SSE3 = 1 | SSSE3 = 1 | AVX = 1 | AVX2 = 1 | F16C = 1 | FMA = 1 | BMI2 = 1 | OPENMP = 1 | REPACK = 1 | 

operator(): processing 'voice.wav' (176000 samples, 11.0 sec), 4 threads, 1 processors, lang = en, task = transcribe, timestamps = 0 ...


system_info: n_threads = 4 / 9 | WHISPER : COREML = 0 | OPENVINO = 0 | CPU : SSE3 = 1 | SSSE3 = 1 | AVX = 1 | AVX2 = 1 | F16C = 1 | FMA = 1 | BMI2 = 1 | OPENMP = 1 | REPACK = 1 | 

operator(): processing 'voice.wav' (176000 samples, 11.0 sec), 4 threads, 1 processors, lang = en, task = transcribe, timestamps = 0 ...


system_info: n_threads = 4 / 9 | WHISPER : COREML = 0 | OPENVINO = 0 | CPU : SSE3 = 1 | SSSE3 = 1 | AVX = 1 | AVX2 = 1 | F16C = 1 | FMA = 1 | BMI2 = 1 | OPENMP = 1 | REPACK = 1 | 

operator(): processing 'voice.wav' (176000 samples, 11.0 sec), 4 threads, 1 processors, lang = en, task = transcribe, timestamps = 0 ...


system_info: n_threads = 4 / 9 | WHISPER : COREML = 0 | OPENVINO = 0 | CPU : SSE3 = 1 | SSSE3 = 1 | AVX = 1 | AVX2 = 1 | F16C = 1 | FMA = 1 | BMI2 = 1 | OPENMP = 1 | REPACK = 1 | 

operator(): processing 'voice.wav' (176000 samples, 11.0 sec), 4 threads, 1 processors, lang = en, task = transcribe, timestamps = 0 ...


whisper_print_timings:     load time =    54.38 ms
whisper_print_timings:     fallbacks =   0 p /   0 h
whisper_print_timings:      mel time =    60.61 ms
whisper_print_timings:   sample time =    51.24 ms /     1 runs (    51.24 ms per run)
whisper_print_timings:   encode time =  1804.07 ms /     4 runs (   451.02 ms per run)
whisper_print_timings:   decode time =   363.49 ms /    92 runs (     3.95 ms per run)
whisper_print_timings:   batchd time =    21.09 ms /    16 runs (     1.32 ms per run)
whisper_print_timings:   prompt time =     0.00 ms /     1 runs (     0.00 ms per run)
whisper_print_timings:    total time =  2494.08 ms

whisper server listening at http://127.0.0.1:8080

Received request: voice.wav
Successfully loaded voice.wav
Running whisper.cpp inference on voice.wav
Received request: voice.wav
Successfully loaded voice.wav
Running whisper.cpp inference on voice.wav
Received request: voice.wav
Successfully loaded voice.wav
Running whisper.cpp inference on voice.wav
Received request: voice.wav
Successfully loaded voice.wav
Running whisper.cpp inference on voice.wav

Caught signal 15, shutting down gracefully...
